=====================================================================
== C:\Users\Jake\Desktop\Wasteland\ArmA_III_Server\arma3server.exe
== "C:\Users\Jake\Desktop\Wasteland\ArmA_III_Server\arma3server.exe"  -port=2302 "-config=C:\Users\Jake\Desktop\Wasteland\ArmA_III_Server\TADST\default\TADST_config.cfg" "-cfg=C:\Users\Jake\Desktop\Wasteland\ArmA_III_Server\TADST\default\TADST_basic.cfg" "-profiles=C:\Users\Jake\Desktop\Wasteland\ArmA_III_Server\TADST\default" -name=default -filePatching "-mod=curator;heli;kart;mark;A3Wasteland_settings;extDB" -filepatching

Original output filename: Arma3Retail_Server
Exe timestamp: 2016/06/01 14:49:01
Current time:  2016/06/26 22:30:48

Type: Public
Build: Stable
Version: 1.60.136470

Allocator: C:\Users\Jake\Desktop\Wasteland\ArmA_III_Server\dll\tbb4malloc_bi.dll
=====================================================================

22:30:48 SteamAPI initialization failed. Steam features wont's be accessible!
22:30:48 Cannot register unknown string STR_MULTI_TITLE_OFFICIAL_SERVERS
22:30:48 Initializing stats manager.
22:30:48 Stats config disabled.
22:30:48 sessionID: c11d9f5ca7644886c6e82613cca3270c37b79048
22:31:02 Updating base class RscShortcutButton->RscButton, by a3\editor_f\config.bin/RscDisplayEditObject/Controls/B_OK/
22:31:02 Updating base class RscSliderH->RscXSliderH, by a3\editor_f\config.bin/RscDisplayEditObject/Slider/
22:31:02 Updating base class RscText->RscPicture, by a3\editor_f\config.bin/RscDisplayEditObject/Preview/
22:31:02 Updating base class RscShortcutButton->RscButton, by a3\editor_f\config.bin/RscDisplayMissionLoad/Controls/B_OK/
22:31:02 Updating base class RscShortcutButton->RscButton, by a3\editor_f\config.bin/RscDisplayMissionSave/Controls/B_OK/
22:31:02 Updating base class BlendAnims->, by a3\anims_f\config\sdr\weaponswitching\config.bin/CfgMovesMaleSdr/BlendAnims/
22:31:02 Updating base class ->RscControlsGroup, by a3\ui_f\config.bin/RscControlsGroupNoScrollbars/
22:31:02 Updating base class ->RscControlsGroup, by a3\ui_f\config.bin/RscControlsGroupNoHScrollbars/
22:31:02 Updating base class ->RscControlsGroup, by a3\ui_f\config.bin/RscControlsGroupNoVScrollbars/
22:31:02 Updating base class ->RscText, by a3\ui_f\config.bin/RscLine/
22:31:02 Updating base class ->RscActiveText, by a3\ui_f\config.bin/RscActivePicture/
22:31:02 Updating base class ->RscButton, by a3\ui_f\config.bin/RscButtonTextOnly/
22:31:02 Updating base class ->RscShortcutButton, by a3\ui_f\config.bin/RscShortcutButtonMain/
22:31:02 Updating base class ->RscShortcutButton, by a3\ui_f\config.bin/RscButtonEditor/
22:31:02 Updating base class ->RscShortcutButton, by a3\ui_f\config.bin/RscIGUIShortcutButton/
22:31:02 Updating base class ->RscShortcutButton, by a3\ui_f\config.bin/RscGearShortcutButton/
22:31:02 Updating base class ->RscShortcutButton, by a3\ui_f\config.bin/RscButtonMenu/
22:31:02 Updating base class ->RscButtonMenu, by a3\ui_f\config.bin/RscButtonMenuOK/
22:31:02 Updating base class ->RscButtonMenu, by a3\ui_f\config.bin/RscButtonMenuCancel/
22:31:02 Updating base class ->RscButtonMenu, by a3\ui_f\config.bin/RscButtonMenuSteam/
22:31:02 Updating base class ->RscText, by a3\ui_f\config.bin/RscLoadingText/
22:31:02 Updating base class ->RscListBox, by a3\ui_f\config.bin/RscIGUIListBox/
22:31:02 Updating base class ->RscListNBox, by a3\ui_f\config.bin/RscIGUIListNBox/
22:31:02 Updating base class ->RscText, by a3\ui_f\config.bin/RscBackground/
22:31:02 Updating base class ->RscText, by a3\ui_f\config.bin/RscBackgroundGUI/
22:31:02 Updating base class ->RscPicture, by a3\ui_f\config.bin/RscBackgroundGUILeft/
22:31:02 Updating base class ->RscPicture, by a3\ui_f\config.bin/RscBackgroundGUIRight/
22:31:02 Updating base class ->RscPicture, by a3\ui_f\config.bin/RscBackgroundGUIBottom/
22:31:02 Updating base class ->RscText, by a3\ui_f\config.bin/RscBackgroundGUITop/
22:31:02 Updating base class ->RscText, by a3\ui_f\config.bin/RscBackgroundGUIDark/
22:31:02 Updating base class ->RscPictureKeepAspect, by a3\ui_f\config.bin/RscBackgroundLogo/
22:31:02 Updating base class ->RscMapControl, by a3\ui_f\config.bin/RscMapControlEmpty/
22:31:02 Updating base class ->RscPicture, by a3\ui_f\config.bin/CA_Mainback/
22:31:02 Updating base class ->CA_Mainback, by a3\ui_f\config.bin/CA_Back/
22:31:02 Updating base class ->CA_Mainback, by a3\ui_f\config.bin/CA_Title_Back/
22:31:02 Updating base class ->CA_Mainback, by a3\ui_f\config.bin/CA_Black_Back/
22:31:02 Updating base class ->RscTitle, by a3\ui_f\config.bin/CA_Title/
22:31:02 Updating base class ->RscPictureKeepAspect, by a3\ui_f\config.bin/CA_Logo/
22:31:02 Updating base class ->CA_Logo, by a3\ui_f\config.bin/CA_Logo_Small/
22:31:02 Updating base class ->RscButton, by a3\ui_f\config.bin/CA_RscButton/
22:31:02 Updating base class ->CA_RscButton, by a3\ui_f\config.bin/CA_RscButton_dialog/
22:31:02 Updating base class ->RscActiveText, by a3\ui_f\config.bin/CA_Ok/
22:31:02 Updating base class ->RscText, by a3\ui_f\config.bin/CA_Ok_image/
22:31:02 Updating base class ->RscText, by a3\ui_f\config.bin/CA_Ok_image2/
22:31:02 Updating base class ->RscText, by a3\ui_f\config.bin/CA_Ok_text/
22:31:02 Updating base class ->RscPicture, by a3\ui_f\config.bin/RscVignette/
22:31:02 Updating base class ->RscControlsGroupNoScrollbars, by a3\ui_f\config.bin/RscMapControlTooltip/
22:31:02 Updating base class RscUnitInfo->RscUnitInfoAirNoWeapon, by a3\ui_f\config.bin/RscInGameUI/RscUnitInfoAir/
22:31:02 Updating base class RscControlsGroup->RscControlsGroupNoScrollbars, by a3\ui_f\config.bin/RscInGameUI/RscTaskOverview/controls/TaskOverviewAssigned/
22:31:02 Updating base class RscShortcutButton->RscButtonMenu, by a3\ui_f\config.bin/RscDisplayDebug/Controls/B_OK/
22:31:02 Updating base class RscShortcutButton->RscButtonMenu, by a3\ui_f\config.bin/RscDisplayDebug/Controls/B_Cancel/
22:31:02 Updating base class RscShortcutButton->RscButtonMenu, by a3\ui_f\config.bin/RscDisplayDebug/Controls/B_Clear/
22:31:02 Updating base class ->RscText, by a3\ui_f\config.bin/RscDisplayCapture/controls/TimeLines/
22:31:02 Updating base class RscShortcutButton->RscButtonMenu, by a3\ui_f\config.bin/RscDisplayCapture/controls/ButtonAverages/
22:31:02 Updating base class RscShortcutButton->RscButtonMenu, by a3\ui_f\config.bin/RscDisplayCapture/controls/ButtonSavePreviousData/
22:31:02 Updating base class RscShortcutButton->RscButtonMenu, by a3\ui_f\config.bin/RscDisplayCapture/controls/ButtonPreviousData/
22:31:02 Updating base class RscControlsGroup->RscControlsGroupNoHScrollbars, by a3\ui_f\config.bin/RscDisplayMain/controls/ModIcons/
22:31:02 Updating base class RscPicture->RscPictureKeepAspect, by a3\ui_f\config.bin/RscDisplayMain/IconPicture/
22:31:02 Updating base class IconPicture->RscPictureKeepAspect, by a3\ui_f\config.bin/RscDisplayMain/DlcOwnedIconPicture/
22:31:02 Updating base class IconPicture->RscPictureKeepAspect, by a3\ui_f\config.bin/RscDisplayMain/DlcIconPicture/
22:31:02 Updating base class RscListBox->RscCombo, by a3\ui_f\config.bin/RscDisplayCustomizeController/Steepness/
22:31:02 Updating base class ->RscStandardDisplay, by a3\ui_f\config.bin/RscDisplayControlSchemes/
22:31:02 Updating base class ButtonOK->RscButtonMenuCancel, by a3\ui_f\config.bin/RscDisplayControlSchemes/controls/ButtonCancel/
22:31:02 Updating base class RscButton->RscButtonMenuOK, by a3\ui_f\config.bin/RscDisplayControlSchemes/controls/ButtonOK/
22:31:02 Updating base class RscPicture->RscPictureKeepAspect, by a3\ui_f\config.bin/RscDisplayFileSelectImage/controls/OverviewPicture/
22:31:02 Updating base class RscShortcutButton->RscButtonMenuCancel, by a3\ui_f\config.bin/RscDisplayFieldManual/controls/ButtonCancel/
22:31:02 Cannot delete class B_KickOff, it is referenced somewhere (used as a base class probably).
22:31:02 Updating base class RscButton->RscButtonMenuCancel, by a3\ui_f\config.bin/RscDisplayPublishMission/controls/ButtonCancel/
22:31:02 Updating base class RscShortcutButton->RscButtonMenuOK, by a3\ui_f\config.bin/RscDisplayPublishMissionSelectTags/controls/ButtonOK/
22:31:02 Updating base class ButtonOK->RscButtonMenuCancel, by a3\ui_f\config.bin/RscDisplayPublishMissionSelectTags/controls/ButtonCancel/
22:31:02 Updating base class ->RscSubmenu, by a3\ui_f\config.bin/RscMainMenu/
22:31:02 Cannot update non class from class a3\ui_f\config.bin/RscCallSupport/Items/
22:31:02 Cannot update non class from class a3\ui_f\config.bin/RscRadio/Items/
22:31:02 Updating base class ->DistanceClose, by a3\ui_f\config.bin/CfgSimpleTasks/Icon3D/DistanceMid/
22:31:02 Updating base class ->DistanceClose, by a3\ui_f\config.bin/CfgSimpleTasks/Icon3D/DistanceLong/
22:31:02 Updating base class ->All, by a3\sounds_f\config.bin/CfgVehicles/Sound/
22:31:03 Updating base class ->BlendAnims, by a3\soft_f_kart\kart_01\config.bin/CfgMovesMaleSdr/BlendAnims/
22:31:03 Updating base class RscText->ctrlStaticBackgroundDisable, by a3\3den\config.bin/RscDisplayOptionsAudio/ControlsBackground/BackgroundDisable/
22:31:03 Updating base class RscText->ctrlStaticBackgroundDisableTiles, by a3\3den\config.bin/RscDisplayOptionsAudio/ControlsBackground/BackgroundDisableTiles/
22:31:03 Updating base class RscText->ctrlStaticBackgroundDisable, by a3\3den\config.bin/RscDisplayConfigure/ControlsBackground/BackgroundDisable/
22:31:03 Updating base class RscText->ctrlStaticBackgroundDisableTiles, by a3\3den\config.bin/RscDisplayConfigure/ControlsBackground/BackgroundDisableTiles/
22:31:03 Updating base class RscText->ctrlStaticBackgroundDisable, by a3\3den\config.bin/RscDisplayConfigureAction/ControlsBackground/BackgroundDisable/
22:31:03 Updating base class RscText->ctrlStaticBackgroundDisableTiles, by a3\3den\config.bin/RscDisplayConfigureAction/ControlsBackground/BackgroundDisableTiles/
22:31:03 Updating base class RscText->ctrlStaticBackgroundDisable, by a3\3den\config.bin/RscDisplayConfigureControllers/ControlsBackground/BackgroundDisable/
22:31:03 Updating base class RscText->ctrlStaticBackgroundDisableTiles, by a3\3den\config.bin/RscDisplayConfigureControllers/ControlsBackground/BackgroundDisableTiles/
22:31:03 Updating base class RscText->ctrlStaticBackgroundDisable, by a3\3den\config.bin/RscDisplayGameOptions/ControlsBackground/BackgroundDisable/
22:31:03 Updating base class RscText->ctrlStaticBackgroundDisableTiles, by a3\3den\config.bin/RscDisplayGameOptions/ControlsBackground/BackgroundDisableTiles/
22:31:03 Updating base class controls->, by a3\3den\config.bin/RscDisplayArcadeMap_Layout_2/Controls/
22:31:03 Updating base class controls->, by a3\3den\config.bin/RscDisplayArcadeMap_Layout_6/Controls/
22:31:03 Initializing Steam Manager
22:31:03 Steam Manager initialized.
22:31:03 
22:31:03 ==== Loaded addons ====
22:31:03 
22:31:03 dta\bin.pbo - unknown
22:31:03 dta\core.pbo - 98397
22:31:03 dta\languagecore_f.pbo - 100547
22:31:03 C:\Users\Jake\Desktop\Wasteland\ArmA_III_Server\mark\addons\anims_f_mark.pbo - 98395
22:31:03 C:\Users\Jake\Desktop\Wasteland\ArmA_III_Server\mark\addons\characters_f_mark.pbo - 99312
22:31:03 C:\Users\Jake\Desktop\Wasteland\ArmA_III_Server\mark\addons\data_f_mark.pbo - 99979
22:31:03 C:\Users\Jake\Desktop\Wasteland\ArmA_III_Server\mark\addons\dubbing_f_mark.pbo - 98398
22:31:03 C:\Users\Jake\Desktop\Wasteland\ArmA_III_Server\mark\addons\dubbing_f_mp_mark.pbo - 98398
22:31:03 C:\Users\Jake\Desktop\Wasteland\ArmA_III_Server\mark\addons\functions_f_mark.pbo - 98405
22:31:03 C:\Users\Jake\Desktop\Wasteland\ArmA_III_Server\mark\addons\functions_f_mp_mark.pbo - 98862
22:31:03 C:\Users\Jake\Desktop\Wasteland\ArmA_III_Server\mark\addons\languagemissions_f_mark.pbo - 100000
22:31:03 C:\Users\Jake\Desktop\Wasteland\ArmA_III_Server\mark\addons\languagemissions_f_mp_mark.pbo - 100003
22:31:03 C:\Users\Jake\Desktop\Wasteland\ArmA_III_Server\mark\addons\language_f_mark.pbo - 99993
22:31:03 C:\Users\Jake\Desktop\Wasteland\ArmA_III_Server\mark\addons\language_f_mp_mark.pbo - 99993
22:31:03 C:\Users\Jake\Desktop\Wasteland\ArmA_III_Server\mark\addons\missions_f_mark.pbo - 98422
22:31:03 C:\Users\Jake\Desktop\Wasteland\ArmA_III_Server\mark\addons\missions_f_mark_data.pbo - 98422
22:31:03 C:\Users\Jake\Desktop\Wasteland\ArmA_III_Server\mark\addons\missions_f_mark_video.pbo - 98437
22:31:03 C:\Users\Jake\Desktop\Wasteland\ArmA_III_Server\mark\addons\missions_f_mp_mark.pbo - 98422
22:31:03 C:\Users\Jake\Desktop\Wasteland\ArmA_III_Server\mark\addons\missions_f_mp_mark_data.pbo - 98422
22:31:03 C:\Users\Jake\Desktop\Wasteland\ArmA_III_Server\mark\addons\modules_f_mark.pbo - 98423
22:31:03 C:\Users\Jake\Desktop\Wasteland\ArmA_III_Server\mark\addons\modules_f_mp_mark.pbo - 98422
22:31:03 C:\Users\Jake\Desktop\Wasteland\ArmA_III_Server\mark\addons\music_f_mark.pbo - 98422
22:31:03 C:\Users\Jake\Desktop\Wasteland\ArmA_III_Server\mark\addons\music_f_mark_music.pbo - 98422
22:31:03 C:\Users\Jake\Desktop\Wasteland\ArmA_III_Server\mark\addons\sounds_f_mark.pbo - 98423
22:31:03 C:\Users\Jake\Desktop\Wasteland\ArmA_III_Server\mark\addons\static_f_mark.pbo - 98423
22:31:03 C:\Users\Jake\Desktop\Wasteland\ArmA_III_Server\mark\addons\structures_f_mark.pbo - 98423
22:31:03 C:\Users\Jake\Desktop\Wasteland\ArmA_III_Server\mark\addons\supplies_f_mark.pbo - 98423
22:31:03 C:\Users\Jake\Desktop\Wasteland\ArmA_III_Server\mark\addons\ui_f_mark.pbo - 98423
22:31:03 C:\Users\Jake\Desktop\Wasteland\ArmA_III_Server\mark\addons\ui_f_mp_mark.pbo - 98423
22:31:03 C:\Users\Jake\Desktop\Wasteland\ArmA_III_Server\mark\addons\weapons_f_mark.pbo - 98423
22:31:03 C:\Users\Jake\Desktop\Wasteland\ArmA_III_Server\kart\addons\anims_f_kart.pbo - 98395
22:31:03 C:\Users\Jake\Desktop\Wasteland\ArmA_III_Server\kart\addons\characters_f_kart.pbo - 98396
22:31:03 C:\Users\Jake\Desktop\Wasteland\ArmA_III_Server\kart\addons\data_f_kart.pbo - 98437
22:31:03 C:\Users\Jake\Desktop\Wasteland\ArmA_III_Server\kart\addons\languagemissions_f_kart.pbo - 99999
22:31:03 C:\Users\Jake\Desktop\Wasteland\ArmA_III_Server\kart\addons\language_f_kart.pbo - 99993
22:31:03 C:\Users\Jake\Desktop\Wasteland\ArmA_III_Server\kart\addons\missions_f_kart.pbo - 98437
22:31:03 C:\Users\Jake\Desktop\Wasteland\ArmA_III_Server\kart\addons\missions_f_kart_data.pbo - 98437
22:31:03 C:\Users\Jake\Desktop\Wasteland\ArmA_III_Server\kart\addons\modules_f_kart.pbo - 98422
22:31:03 C:\Users\Jake\Desktop\Wasteland\ArmA_III_Server\kart\addons\modules_f_kart_data.pbo - 98423
22:31:03 C:\Users\Jake\Desktop\Wasteland\ArmA_III_Server\kart\addons\soft_f_kart.pbo - 98423
22:31:03 C:\Users\Jake\Desktop\Wasteland\ArmA_III_Server\kart\addons\sounds_f_kart.pbo - 98423
22:31:03 C:\Users\Jake\Desktop\Wasteland\ArmA_III_Server\kart\addons\structures_f_kart.pbo - 98423
22:31:03 C:\Users\Jake\Desktop\Wasteland\ArmA_III_Server\kart\addons\ui_f_kart.pbo - 98423
22:31:03 C:\Users\Jake\Desktop\Wasteland\ArmA_III_Server\kart\addons\weapons_f_kart.pbo - 98423
22:31:03 C:\Users\Jake\Desktop\Wasteland\ArmA_III_Server\heli\addons\air_f_heli.pbo - 98395
22:31:03 C:\Users\Jake\Desktop\Wasteland\ArmA_III_Server\heli\addons\anims_f_heli.pbo - 98397
22:31:03 C:\Users\Jake\Desktop\Wasteland\ArmA_III_Server\heli\addons\boat_f_heli.pbo - 98395
22:31:03 C:\Users\Jake\Desktop\Wasteland\ArmA_III_Server\heli\addons\cargoposes_f_heli.pbo - 98395
22:31:03 C:\Users\Jake\Desktop\Wasteland\ArmA_III_Server\heli\addons\data_f_heli.pbo - 99982
22:31:03 C:\Users\Jake\Desktop\Wasteland\ArmA_III_Server\heli\addons\dubbing_f_heli.pbo - 98398
22:31:03 C:\Users\Jake\Desktop\Wasteland\ArmA_III_Server\heli\addons\functions_f_heli.pbo - 98403
22:31:03 C:\Users\Jake\Desktop\Wasteland\ArmA_III_Server\heli\addons\languagemissions_f_heli.pbo - 99996
22:31:03 C:\Users\Jake\Desktop\Wasteland\ArmA_III_Server\heli\addons\language_f_heli.pbo - 99993
22:31:03 C:\Users\Jake\Desktop\Wasteland\ArmA_III_Server\heli\addons\missions_f_heli.pbo - 98436
22:31:03 C:\Users\Jake\Desktop\Wasteland\ArmA_III_Server\heli\addons\missions_f_heli_data.pbo - 98437
22:31:03 C:\Users\Jake\Desktop\Wasteland\ArmA_III_Server\heli\addons\missions_f_heli_video.pbo - 98437
22:31:03 C:\Users\Jake\Desktop\Wasteland\ArmA_III_Server\heli\addons\modules_f_heli.pbo - 98422
22:31:03 C:\Users\Jake\Desktop\Wasteland\ArmA_III_Server\heli\addons\music_f_heli.pbo - 98423
22:31:03 C:\Users\Jake\Desktop\Wasteland\ArmA_III_Server\heli\addons\music_f_heli_music.pbo - 98423
22:31:03 C:\Users\Jake\Desktop\Wasteland\ArmA_III_Server\heli\addons\soft_f_heli.pbo - 98423
22:31:03 C:\Users\Jake\Desktop\Wasteland\ArmA_III_Server\heli\addons\sounds_f_heli.pbo - 98423
22:31:03 C:\Users\Jake\Desktop\Wasteland\ArmA_III_Server\heli\addons\structures_f_heli.pbo - 98423
22:31:03 C:\Users\Jake\Desktop\Wasteland\ArmA_III_Server\heli\addons\supplies_f_heli.pbo - 98423
22:31:03 C:\Users\Jake\Desktop\Wasteland\ArmA_III_Server\heli\addons\ui_f_heli.pbo - 98423
22:31:03 C:\Users\Jake\Desktop\Wasteland\ArmA_III_Server\curator\addons\data_f_curator.pbo - 99978
22:31:03 C:\Users\Jake\Desktop\Wasteland\ArmA_III_Server\curator\addons\functions_f_curator.pbo - 98402
22:31:03 C:\Users\Jake\Desktop\Wasteland\ArmA_III_Server\curator\addons\language_f_curator.pbo - 99992
22:31:03 C:\Users\Jake\Desktop\Wasteland\ArmA_III_Server\curator\addons\missions_f_curator.pbo - 99501
22:31:03 C:\Users\Jake\Desktop\Wasteland\ArmA_III_Server\curator\addons\modules_f_curator.pbo - 98422
22:31:03 C:\Users\Jake\Desktop\Wasteland\ArmA_III_Server\curator\addons\ui_f_curator.pbo - 100112
22:31:03 addons\3den.pbo - 99525
22:31:03 addons\3den_language.pbo - 99992
22:31:03 addons\a3.pbo - unknown
22:31:03 addons\air_f.pbo - 99988
22:31:03 addons\air_f_beta.pbo - 98395
22:31:03 addons\air_f_epb.pbo - 99941
22:31:03 addons\air_f_epc.pbo - 98395
22:31:03 addons\air_f_gamma.pbo - 98395
22:31:03 addons\animals_f.pbo - 98453
22:31:03 addons\animals_f_beta.pbo - 98395
22:31:03 addons\anims_f.pbo - 100288
22:31:03 addons\anims_f_bootcamp.pbo - 98395
22:31:03 addons\anims_f_data.pbo - 98480
22:31:03 addons\anims_f_epa.pbo - 98397
22:31:03 addons\anims_f_epc.pbo - 98397
22:31:03 addons\anims_f_exp_a.pbo - 98695
22:31:03 addons\armor_f.pbo - 98395
22:31:03 addons\armor_f_beta.pbo - 99591
22:31:03 addons\armor_f_epb.pbo - 98395
22:31:03 addons\armor_f_epc.pbo - 98395
22:31:03 addons\armor_f_gamma.pbo - 98395
22:31:03 addons\baseconfig_f.pbo - 99080
22:31:03 addons\boat_f.pbo - 98395
22:31:03 addons\boat_f_beta.pbo - 98395
22:31:03 addons\boat_f_epc.pbo - 98395
22:31:03 addons\boat_f_gamma.pbo - 98395
22:31:03 addons\cargoposes_f.pbo - 98395
22:31:03 addons\characters_f.pbo - 99496
22:31:03 addons\characters_f_beta.pbo - 98395
22:31:03 addons\characters_f_bootcamp.pbo - 98395
22:31:03 addons\characters_f_epa.pbo - 98395
22:31:03 addons\characters_f_epb.pbo - 98395
22:31:03 addons\characters_f_epc.pbo - 98395
22:31:03 addons\characters_f_gamma.pbo - 99374
22:31:03 addons\data_f.pbo - 99713
22:31:03 addons\data_f_bootcamp.pbo - 98437
22:31:03 addons\data_f_exp_a.pbo - 98437
22:31:03 addons\data_f_exp_b.pbo - 98643
22:31:03 addons\drones_f.pbo - 99942
22:31:03 addons\dubbing_f.pbo - 98398
22:31:03 addons\dubbing_f_beta.pbo - 98398
22:31:03 addons\dubbing_f_bootcamp.pbo - 98398
22:31:03 addons\dubbing_f_epa.pbo - 98398
22:31:03 addons\dubbing_f_epb.pbo - 98398
22:31:03 addons\dubbing_f_epc.pbo - 98398
22:31:03 addons\dubbing_f_gamma.pbo - 98398
22:31:03 addons\dubbing_radio_f.pbo - 99982
22:31:03 addons\dubbing_radio_f_data_eng.pbo - 99078
22:31:03 addons\dubbing_radio_f_data_engb.pbo - 99078
22:31:03 addons\dubbing_radio_f_data_gre.pbo - 99078
22:31:03 addons\dubbing_radio_f_data_per.pbo - 99078
22:31:03 addons\dubbing_radio_f_data_vr.pbo - 99078
22:31:03 addons\editorpreviews_f.pbo - 99556
22:31:03 addons\editor_f.pbo - 98402
22:31:03 addons\functions_f.pbo - 100265
22:31:03 addons\functions_f_bootcamp.pbo - 98790
22:31:03 addons\functions_f_epa.pbo - 98406
22:31:03 addons\functions_f_epc.pbo - 98406
22:31:03 addons\functions_f_exp_a.pbo - 98403
22:31:03 addons\languagemissions_f.pbo - 99993
22:31:03 addons\languagemissions_f_beta.pbo - 99993
22:31:03 addons\languagemissions_f_bootcamp.pbo - 99993
22:31:03 addons\languagemissions_f_epa.pbo - 99993
22:31:03 addons\languagemissions_f_epb.pbo - 99993
22:31:03 addons\languagemissions_f_epc.pbo - 99993
22:31:03 addons\languagemissions_f_exp_a.pbo - 99996
22:31:03 addons\languagemissions_f_gamma.pbo - 99995
22:31:03 addons\language_f.pbo - 100046
22:31:03 addons\language_f_beta.pbo - 99992
22:31:03 addons\language_f_bootcamp.pbo - 99992
22:31:03 addons\language_f_epa.pbo - 99992
22:31:03 addons\language_f_epb.pbo - 99992
22:31:03 addons\language_f_epc.pbo - 99992
22:31:03 addons\language_f_exp_a.pbo - 99993
22:31:03 addons\language_f_exp_b.pbo - 99993
22:31:03 addons\language_f_gamma.pbo - 99993
22:31:03 addons\map_altis.pbo - 100239
22:31:03 addons\map_altis_data.pbo - 99740
22:31:03 addons\map_altis_data_layers.pbo - 99901
22:31:03 addons\map_altis_data_layers_00_00.pbo - 99901
22:31:03 addons\map_altis_data_layers_00_01.pbo - 99901
22:31:03 addons\map_altis_data_layers_01_00.pbo - 99901
22:31:03 addons\map_altis_data_layers_01_01.pbo - 99901
22:31:03 addons\map_altis_scenes_f.pbo - 98766
22:31:03 addons\map_data.pbo - 100132
22:31:03 addons\map_stratis.pbo - 100234
22:31:03 addons\map_stratis_data.pbo - 98435
22:31:03 addons\map_stratis_data_layers.pbo - 98581
22:31:03 addons\map_stratis_scenes_f.pbo - 98774
22:31:03 addons\map_vr.pbo - 98784
22:31:03 addons\map_vr_scenes_f.pbo - 98782
22:31:03 addons\misc_f.pbo - 98416
22:31:03 addons\missions_f.pbo - 98436
22:31:03 addons\missions_f_beta.pbo - 98436
22:31:03 addons\missions_f_beta_data.pbo - 98436
22:31:03 addons\missions_f_beta_video.pbo - 98436
22:31:03 addons\missions_f_bootcamp.pbo - 98436
22:31:03 addons\missions_f_bootcamp_data.pbo - 98436
22:31:03 addons\missions_f_bootcamp_video.pbo - 98436
22:31:03 addons\missions_f_data.pbo - 98436
22:31:03 addons\missions_f_epa.pbo - 98893
22:31:03 addons\missions_f_epa_data.pbo - 98436
22:31:03 addons\missions_f_epa_video.pbo - 98436
22:31:03 addons\missions_f_epb.pbo - 98420
22:31:03 addons\missions_f_epb_data.pbo - 92728
22:31:03 addons\missions_f_epb_video.pbo - 73106
22:31:03 addons\missions_f_epc.pbo - 98420
22:31:03 addons\missions_f_epc_data.pbo - 84724
22:31:03 addons\missions_f_epc_video.pbo - 84725
22:31:03 addons\missions_f_exp_a.pbo - 99081
22:31:03 addons\missions_f_exp_a_data.pbo - 98702
22:31:03 addons\missions_f_gamma.pbo - 98436
22:31:03 addons\missions_f_gamma_data.pbo - 98436
22:31:03 addons\missions_f_gamma_video.pbo - 98436
22:31:03 addons\missions_f_video.pbo - 98436
22:31:03 addons\modules_f.pbo - 98663
22:31:03 addons\modules_f_beta.pbo - 98422
22:31:03 addons\modules_f_beta_data.pbo - 98422
22:31:03 addons\modules_f_bootcamp.pbo - 98422
22:31:03 addons\modules_f_data.pbo - 98422
22:31:03 addons\modules_f_epb.pbo - 98422
22:31:03 addons\modules_f_exp_a.pbo - 98459
22:31:03 addons\music_f.pbo - 98422
22:31:03 addons\music_f_bootcamp.pbo - 98422
22:31:03 addons\music_f_bootcamp_music.pbo - 98422
22:31:03 addons\music_f_epa.pbo - 98422
22:31:03 addons\music_f_epa_music.pbo - 98422
22:31:03 addons\music_f_epb.pbo - 98422
22:31:03 addons\music_f_epb_music.pbo - 98422
22:31:03 addons\music_f_epc.pbo - 98423
22:31:03 addons\music_f_epc_music.pbo - 98422
22:31:03 addons\music_f_music.pbo - 98423
22:31:03 addons\plants_f.pbo - 98423
22:31:03 addons\props_f_exp_a.pbo - 98443
22:31:03 addons\roads_f.pbo - 98423
22:31:03 addons\rocks_f.pbo - 99030
22:31:03 addons\signs_f.pbo - 99349
22:31:03 addons\soft_f.pbo - 98851
22:31:03 addons\soft_f_beta.pbo - 98423
22:31:03 addons\soft_f_bootcamp.pbo - 98423
22:31:03 addons\soft_f_epc.pbo - 98423
22:31:03 addons\soft_f_gamma.pbo - 99007
22:31:03 addons\sounds_f.pbo - 99745
22:31:03 addons\sounds_f_arsenal.pbo - 98423
22:31:03 addons\sounds_f_bootcamp.pbo - 98423
22:31:03 addons\sounds_f_characters.pbo - 98423
22:31:03 addons\sounds_f_environment.pbo - 98459
22:31:03 addons\sounds_f_epb.pbo - 98423
22:31:03 addons\sounds_f_epc.pbo - 98423
22:31:03 addons\sounds_f_exp_a.pbo - 98443
22:31:03 addons\sounds_f_sfx.pbo - 98423
22:31:03 addons\sounds_f_vehicles.pbo - 98423
22:31:03 addons\static_f.pbo - 99943
22:31:03 addons\static_f_beta.pbo - 98423
22:31:03 addons\static_f_gamma.pbo - 98423
22:31:03 addons\structures_f.pbo - 98423
22:31:03 addons\structures_f_bootcamp.pbo - 98423
22:31:03 addons\structures_f_data.pbo - 98423
22:31:03 addons\structures_f_epa.pbo - 99891
22:31:03 addons\structures_f_epb.pbo - 98423
22:31:03 addons\structures_f_epc.pbo - 98423
22:31:03 addons\structures_f_exp_a.pbo - 98423
22:31:03 addons\structures_f_households.pbo - 98423
22:31:03 addons\structures_f_ind.pbo - 98423
22:31:03 addons\structures_f_mil.pbo - 99557
22:31:03 addons\structures_f_wrecks.pbo - 98423
22:31:03 addons\uifonts_f.pbo - 98423
22:31:03 addons\uifonts_f_data.pbo - 98423
22:31:03 addons\ui_f.pbo - 100111
22:31:03 addons\ui_f_bootcamp.pbo - 98423
22:31:03 addons\ui_f_data.pbo - 99905
22:31:03 addons\ui_f_exp_a.pbo - 98443
22:31:03 addons\weapons_f.pbo - 99719
22:31:03 addons\weapons_f_beta.pbo - 98423
22:31:03 addons\weapons_f_bootcamp.pbo - 98423
22:31:03 addons\weapons_f_epa.pbo - 98423
22:31:03 addons\weapons_f_epb.pbo - 98423
22:31:03 addons\weapons_f_epc.pbo - 98424
22:31:03 addons\weapons_f_gamma.pbo - 98423
22:31:03 
22:31:03 =======================
22:31:03 
22:31:03 ============================================================================================= List of mods ===============================================================================================
22:31:03 modsReadOnly = true
22:31:03 safeModsActivated = false
22:31:03 customMods = true
22:31:03 hash = 'A8C688151ED5B306E7675E80CE00A64C904FFDC9'
22:31:03 hashShort = 'e7338d0'
22:31:03                                               name |               modDir |    default |               origin |                                     hash | hashShort | fullPath
22:31:03 ----------------------------------------------------------------------------------------------------------------------------------------------------------------------------------------------------------
22:31:03                                              extDB |                extDB |      false |             GAME DIR |                                          |           | C:\Users\Jake\Desktop\Wasteland\ArmA_III_Server\extDB
22:31:03                               A3Wasteland_settings | A3Wasteland_settings |      false |             GAME DIR |                                          |           | C:\Users\Jake\Desktop\Wasteland\ArmA_III_Server\A3Wasteland_settings
22:31:03                                    Arma 3 Marksmen |                 mark |       true |             GAME DIR | 8a8bc2a7d7ad8251bcc82f29aea6d3f34ebffb3d |  1c11a244 | C:\Users\Jake\Desktop\Wasteland\ArmA_III_Server\mark
22:31:03                                       Arma 3 Karts |                 kart |       true |             GAME DIR | 41f70c200a668f39e52eedf55e0c6f494aef1903 |  c9867676 | C:\Users\Jake\Desktop\Wasteland\ArmA_III_Server\kart
22:31:03                                 Arma 3 Helicopters |                 heli |       true |             GAME DIR | 1614a75b4d3cceb5d296ca4101a589fba596aa5e |  9a800f11 | C:\Users\Jake\Desktop\Wasteland\ArmA_III_Server\heli
22:31:03                                        Arma 3 Zeus |              curator |       true |             GAME DIR | fb1eec1e78a39cd021a71a293ae4ae1e00c98686 |   44f886e | C:\Users\Jake\Desktop\Wasteland\ArmA_III_Server\curator
22:31:03                                  Arma 3 DLC Bundle |            dlcbundle |       true |            NOT FOUND |                                          |           | 
22:31:03                                             Arma 3 |                   A3 |       true |            NOT FOUND |                                          |           | 
22:31:03 ==========================================================================================================================================================================================================
22:31:03 InitSound ...
22:31:03 InitSound - complete
22:31:03 PhysX3 SDK Init started ...
22:31:03 PhysX3 SDK Init ended.
22:31:03 Preloaded texture GroupDir not found in bin\config.bin/CfgInGameUI/
22:31:05 Attempt to override final function - rscminimap_script
22:31:05 Attempt to override final function - rscdisplayloading_script
22:31:05 Attempt to override final function - rscdisplayloading_script
22:31:05 Attempt to override final function - rscdisplayloading_script
22:31:05 Attempt to override final function - rscdiary_script
22:31:05 Attempt to override final function - rscdisplaysinglemission_script
22:31:05 Attempt to override final function - rscdiary_script
22:31:05 Attempt to override final function - rscdisplayremotemissions_script
22:31:05 Attempt to override final function - rscdisplayloading_script
22:31:05 Attempt to override final function - rscdiary_script
22:31:05 Attempt to override final function - rscdiary_script
22:31:05 Attempt to override final function - rscdisplaystrategicmap_script
22:31:05 Attempt to override final function - rscdisplaycommon_script
22:31:05 Attempt to override final function - rscdisplaygarage_script
22:31:06 Attempt to override final function - rscdisplayhostsettings_script
22:31:06 Attempt to override final function - rscdisplayloading_script
22:31:06 Attempt to override final function - rscdisplaycurator_script
22:31:06 Attempt to override final function - display3deneditcomposition_script
22:31:06 Attempt to override final function - display3deneditattributes_script
22:31:06 Attempt to override final function - display3deneditattributes_script
22:31:06 Attempt to override final function - rscdisplayhostsettings_script
22:31:06 Attempt to override final function - rscdisplaycommon_script
22:31:06 Attempt to override final function - rscdisplaydebriefing_script
22:31:06 Attempt to override final function - rscunitinfo_script
22:31:06 Attempt to override final function - rscunitinfo_script
22:31:06 Attempt to override final function - rscunitinfo_script
22:31:06 Attempt to override final function - rscunitinfo_script
22:31:06 Attempt to override final function - rscunitinfo_script
22:31:06 Attempt to override final function - rscunitinfo_script
22:31:06 Attempt to override final function - rscunitinfo_script
22:31:06 Attempt to override final function - rscunitinfo_script
22:31:06 Attempt to override final function - rscunitinfo_script
22:31:06 Attempt to override final function - rscunitinfo_script
22:31:06 Attempt to override final function - rscunitinfo_script
22:31:06 Attempt to override final function - rscunitinfo_script
22:31:06 Attempt to override final function - rscunitinfo_script
22:31:06 Attempt to override final function - rscunitinfo_script
22:31:06 Attempt to override final function - rscunitinfo_script
22:31:06 Attempt to override final function - rscunitinfo_script
22:31:06 Attempt to override final function - rscunitinfo_script
22:31:06 Attempt to override final function - rscunitinfo_script
22:31:06 Attempt to override final function - rscunitinfo_script
22:31:06 Attempt to override final function - rscunitinfo_script
22:31:06 Attempt to override final function - rscunitinfo_script
22:31:06 Attempt to override final function - rscunitinfo_script
22:31:06 Attempt to override final function - rscunitinfo_script
22:31:06 Attempt to override final function - rscunitinfo_script
22:31:06 Attempt to override final function - rscunitinfo_script
22:31:06 Attempt to override final function - rscunitinfo_script
22:31:06 Attempt to override final function - rscunitinfo_script
22:31:06 Attempt to override final function - rscunitinfo_script
22:31:06 Attempt to override final function - rscunitinfo_script
22:31:06 Attempt to override final function - rscunitinfo_script
22:31:06 Attempt to override final function - rscunitinfo_script
22:31:06 Attempt to override final function - rscunitinfo_script
22:31:06 Attempt to override final function - rscunitinfo_script
22:31:06 Attempt to override final function - rscunitinfo_script
22:31:06 Attempt to override final function - rscunitinfo_script
22:31:06 Attempt to override final function - rscunitinfo_script
22:31:06 Attempt to override final function - rscunitinfo_script
22:31:06 Attempt to override final function - rscunitinfo_script
22:31:06 Attempt to override final function - rscunitinfo_script
22:31:06 Attempt to override final function - rscunitinfo_script
22:31:06 Attempt to override final function - rscunitinfo_script
22:31:06 Attempt to override final function - rscunitinfo_script
22:31:06 Attempt to override final function - rscunitinfo_script
22:31:06 Attempt to override final function - rscunitinfo_script
22:31:06 Attempt to override final function - rscunitinfo_script
22:31:06 Attempt to override final function - rscunitinfo_script
22:31:06 Attempt to override final function - rscunitinfo_script
22:31:06 Attempt to override final function - rscunitinfo_script
22:31:06 Attempt to override final function - rscunitinfo_script
22:31:06 Attempt to override final function - rscunitinfo_script
22:31:06 Attempt to override final function - rscunitinfo_script
22:31:06 Attempt to override final function - rscunitinfo_script
22:31:06 Attempt to override final function - rscunitinfo_script
22:31:06 Attempt to override final function - rscunitinfo_script
22:31:06 Attempt to override final function - rscunitinfo_script
22:31:06 Attempt to override final function - rscunitinfo_script
22:31:06 Attempt to override final function - rscunitinfo_script
22:31:06 Attempt to override final function - rscunitinfo_script
22:31:06 Attempt to override final function - rscunitinfo_script
22:31:06 Attempt to override final function - rscunitinfo_script
22:31:06 Attempt to override final function - rscunitinfo_script
22:31:08 VoteThreshold must be in 0..1 range. Defaulting to 0.5
Initializing Steam server - Game Port: 2302, Steam Query Port: 2303
Steam AppId from steam_appid.txt: 107410
Connected to Steam servers
Mission ArmA3_Wasteland.Altis: Number of roles (146) is different from 'description.ext::Header::maxPlayer' (145)
Server error: Player without identity Valiant (id 196525920)
Server error: Player without identity Valiant (id 196525920)
Server error: Player without identity Valiant (id 196525920)
Server error: Player without identity Valiant (id 196525920)
Server error: Player without identity Valiant (id 196525920)
Server error: Player without identity Valiant (id 196525920)
Server error: Player without identity Valiant (id 196525920)
Server error: Player without identity Valiant (id 196525920)
Server error: Player without identity Valiant (id 196525920)
Server error: Player without identity Valiant (id 196525920)
Server error: Player without identity Valiant (id 196525920)
Server error: Player without identity Valiant (id 196525920)
Server error: Player without identity Valiant (id 196525920)
Server error: Player without identity Valiant (id 196525920)
Server error: Player without identity Valiant (id 196525920)
Server error: Player without identity Valiant (id 196525920)
Server error: Player without identity Valiant (id 196525920)
Server error: Player without identity Valiant (id 196525920)
Server error: Player without identity Valiant (id 196525920)
Server error: Player without identity Valiant (id 196525920)
Server error: Player without identity Valiant (id 196525920)
Server error: Player without identity Valiant (id 196525920)
Server error: Player without identity Valiant (id 196525920)
Server error: Player without identity Valiant (id 196525920)
Server error: Player without identity Valiant (id 196525920)
Server error: Player without identity Valiant (id 196525920)
Server error: Player without identity Valiant (id 196525920)
Server error: Player without identity Valiant (id 196525920)
Server error: Player without identity Valiant (id 196525920)
Server error: Player without identity Valiant (id 196525920)
Server error: Player without identity Valiant (id 196525920)
Server error: Player without identity Valiant (id 196525920)
Server error: Player without identity Valiant (id 196525920)
Warning: Wrong data in squad.xml for Player[Valiant], Squad[http://armasquads.com/user/squads/xml/ka21kXOmXQ8YIZ9bTLfFx4CxeYnt4Fqm/squad.xml]
Server error: Player without identity Valiant (id 196525920)
Starting mission:
 Mission file: ArmA3_Wasteland
 Mission world: Altis
 Mission directory: mpmissions\ArmA3_Wasteland.Altis\
Unknown hit sound type in A3\data_f\Penetration\tyre.bisurf.soundHit
Strange convex component145 in a3\plants_f\tree\t_pinuss2s_b_f.p3d:geometryView
Strange convex component149 in a3\plants_f\tree\t_pinuss2s_b_f.p3d:geometryView
Attempt to override final function - bis_functions_list
Attempt to override final function - bis_functions_listpreinit
Attempt to override final function - bis_functions_listpostinit
Attempt to override final function - bis_functions_listrecompile
Attempt to override final function - bis_fnc_missiontaskslocal
Attempt to override final function - bis_fnc_missionconversationslocal
Attempt to override final function - bis_fnc_missionflow
Loading movesType CfgGesturesMale
MovesType CfgGesturesMale load time 149 ms
Loading movesType CfgMovesMaleSdr
Animation a3\cargoposes_f\anim\passenger_flatground_leanleft_kia.rtm not found or empty
Animation a3\cargoposes_f\anim\passenger_flatground_leanright_kia.rtm not found or empty
MovesType CfgMovesMaleSdr load time 6845 ms
c:\w\stable\futura\lib\network\networkserver.cpp NetworkServer::OnClientStateChanged:NOT IMPLEMENTED - briefing!
"############################# ArmA3_Wasteland #############################"
"WASTELAND SERVER - Initializing Server"
"Applying U_Competitor as uniform for VehStore4"
"Applying U_IG_Guerilla2_3 as uniform for GenStore2"
"Applying U_IG_Guerilla3_1 as uniform for GenStore3"
"Applying U_IG_Guerilla2_1 as uniform for GenStore4"
"Applying U_IG_Guerilla3_2 as uniform for GenStore5"
"Applying U_B_SpecopsUniform_sgg as uniform for GunStore1"
"Applying U_O_SpecopsUniform_blk as uniform for GunStore2"
"Applying U_I_CombatUniform_tshirt as uniform for GunStore3"
"Applying U_IG_Guerilla1_1 as uniform for GunStore4"
"Applying U_Competitor as uniform for VehStore1"
"Applying U_Competitor as uniform for VehStore2"
"Applying U_Competitor as uniform for VehStore3"
"Applying U_IG_Guerilla2_2 as uniform for GenStore1"
"Applying U_Competitor as uniform for VehStore5"
Warning Message: Script \A3Wasteland_settings\antihack\payload.sqf not found
"ANTI-HACK: External payload unavailable, using internal payload"
"ANTI-HACK: Started."
Warning Message: Script \A3Wasteland_settings\init.sqf not found
"WASTELAND SERVER - Initializing Server Compile"
Warning Message: Script \A3Wasteland_settings\admins.sqf not found
"WASTELAND SERVER - Initializing Server Vars"
"WASTELAND SERVER - Initializing Server Relations"
Warning Message: Script \A3Wasteland_settings\serverRules.sqf not found
"WASTELAND SERVER - Server Compile Finished"
"[INFO] extDB2 v63 extension loaded"
"[extDB2] Startup..."
"[extDB2] Initialized SQL_CUSTOM_V2 protocol"
"[extDB2] Environment setup..."
"[extDB2] Locked"
Scripting function 'bis_fnc_execvm' is not allowed to be remotely executed
 Mission id: 9b32e08c08c8bec0279c5d67f67cfda3c2fc548d
"Player connected: Valiant (76561198113994834)"
"Player connected: __SERVER__ ()"
"[extDB2] Startup complete!"
"[INFO] A3W playerSaving = ON"
"[INFO] A3W baseSaving = ON"
"[INFO] A3W vehicleSaving = ON"
"[INFO] A3W boxSaving = ON"
"[INFO] A3W staticWeaponSaving = ON"
"[INFO] A3W warchestSaving = ON"
"[INFO] A3W warchestMoneySaving = ON"
"[INFO] A3W spawnBeaconSaving = ON"
"[INFO] A3W timeSaving = ON"
"[INFO] A3W weatherSaving = ON"
"[INFO] A3W hcObjSaving = OFF"
"A3Wasteland - world persistence loaded 0 objects from extDB"
"A3Wasteland - world persistence loaded 0 vehicles from extDB"
"WASTELAND SERVER - Initializing Server Spawning"
"Creating territory capture trigger for 'TERRITORY_SW_AIRFIELD'"
Duplicate weapon CMFlareLauncher detected for O_Heli_Light_02_unarmed_F
"Creating territory capture trigger for 'TERRITORY_MAIN_AIRBASE_SW'"
"Creating territory capture trigger for 'TERRITORY_MAIN_AIRBASE_CENTER'"
"Creating territory capture trigger for 'TERRITORY_MAIN_AIRBASE_NE'"
"Creating territory capture trigger for 'TERRITORY_NW_AIRFIELD'"
"Creating territory capture trigger for 'TERRITORY_NE_AIRFIELD'"
"Creating territory capture trigger for 'TERRITORY_SE_AIRFIELD'"
"Creating territory capture trigger for 'TERRITORY_WEST_POWER_PLANT'"
"Creating territory capture trigger for 'TERRITORY_SALTFLATS_AIRFIELD'"
"Creating territory capture trigger for 'TERRITORY_THRONOS_CASTLE'"
"WARNING: No config_territory_markers definition for marker 'TERRITORY_KASTRO_CASTLE'. Deleting it!"
"Creating territory capture trigger for 'TERRITORY_CENTER_POWER_PLANT'"
"Creating territory capture trigger for 'TERRITORY_IRAKLIA_RUINS'"
"Creating territory capture trigger for 'TERRITORY_ARTINARKI_RUINS'"
"Creating territory capture trigger for 'TERRITORY_MAGOS_TRANSMITTER'"
"Creating territory capture trigger for 'TERRITORY_PYRSOS_TRANSMITTER'"
"Creating territory capture trigger for 'TERRITORY_MILITARY_RESEARCH'"
Duplicate weapon CMFlareLauncher detected for O_Heli_Light_02_unarmed_F
Duplicate weapon CMFlareLauncher detected for O_Heli_Light_02_unarmed_F
"WASTELAND SERVER - 16 Static helis Spawned"
Wrong init state
"pvar_requestPlayerData: [3,R Alpha 1-2:1 (Valiant) REMOTE,R Alpha 1-2:1 (Valiant) REMOTE]"
Strange convex component322 in a3\structures_f\research\dome_big_f.p3d:geometryFire
Strange convex component327 in a3\structures_f\research\dome_big_f.p3d:geometryFire
"WASTELAND - Vehicle spawning completed - 196 town vehicles spawned in 24.276s"
"WASTELAND SERVER - 2 Planes Spawned"
class HitPoints::HitFuel not found in O_Boat_Armed_01_hmg_F
class HitPoints::HitFuel not found in C_Boat_Civil_01_police_F
class HitPoints::HitFuel not found in C_Boat_Civil_01_F
class HitPoints::HitFuel not found in B_Boat_Armed_01_minigun_F
class HitPoints::HitFuel not found in C_Boat_Civil_01_rescue_F
class HitPoints::HitFuel not found in I_Boat_Armed_01_minigun_F
"WASTELAND SERVER - 18 Boats Spawned"
"WASTELAND - Object spawning completed - 387 objects spawned"
"[INFO] A3W territory capturing is ENABLED"
"WASTELAND SERVER - Initializing Missions"
"WASTELAND SERVER - Started Main Mission Controller"
"WASTELAND SERVER - Main Mission waiting to run: mission_MBT"
Performance warning: SimpleSerialization::Write 'messageSystem' is using type of ',TEXT' which is not optimized by simple serialization, falling back to generic serialization, use generic type or ask for optimizations for these types
Performance warning: SimpleSerialization::Read 'messageSystem' is using type of ,'TEXT' which is not optimized by simple serialization, falling back to generic serialization, use generic type or ask for optimizations for these types
"A3W - 0 baseparts and objects have been saved with extDB"
"WASTELAND SERVER - Started Money Mission Controller"
"WASTELAND SERVER - Money Mission waiting to run: mission_SunkenTreasure"
Performance warning: SimpleSerialization::Write 'messageSystem' is using type of ',TEXT' which is not optimized by simple serialization, falling back to generic serialization, use generic type or ask for optimizations for these types
Performance warning: SimpleSerialization::Read 'messageSystem' is using type of ,'TEXT' which is not optimized by simple serialization, falling back to generic serialization, use generic type or ask for optimizations for these types
"TERRITORY SYSTEM: _realLoopTime was 10.02"
"WASTELAND SERVER - Started Side Mission Controller"
"WASTELAND SERVER - Side Mission waiting to run: mission_Truck"
Performance warning: SimpleSerialization::Write 'messageSystem' is using type of ',TEXT' which is not optimized by simple serialization, falling back to generic serialization, use generic type or ask for optimizations for these types
Performance warning: SimpleSerialization::Read 'messageSystem' is using type of ,'TEXT' which is not optimized by simple serialization, falling back to generic serialization, use generic type or ask for optimizations for these types
Admin logged in, player: Valiant, playerUID: 76561198113994834, IP: 169.254.123.195:2304.
"WASTELAND SERVER - Started Main Mission 2 Controller"
"WASTELAND SERVER - Main Mission 2 waiting to run: mission_ArmedHeli"
Performance warning: SimpleSerialization::Write 'messageSystem' is using type of ',TEXT' which is not optimized by simple serialization, falling back to generic serialization, use generic type or ask for optimizations for these types
Performance warning: SimpleSerialization::Read 'messageSystem' is using type of ,'TEXT' which is not optimized by simple serialization, falling back to generic serialization, use generic type or ask for optimizations for these types
"TERRITORY SYSTEM: _realLoopTime was 10.006"
"WASTELAND SERVER - Started Money Mission 2 Controller"
"WASTELAND SERVER - Money Mission 2 waiting to run: mission_MoneyShipment"
Performance warning: SimpleSerialization::Write 'messageSystem' is using type of ',TEXT' which is not optimized by simple serialization, falling back to generic serialization, use generic type or ask for optimizations for these types
Performance warning: SimpleSerialization::Read 'messageSystem' is using type of ,'TEXT' which is not optimized by simple serialization, falling back to generic serialization, use generic type or ask for optimizations for these types
"WASTELAND SERVER - Started Side Mission 2 Controller"
"WASTELAND SERVER - Side Mission 2 waiting to run: mission_Outpost"
Performance warning: SimpleSerialization::Write 'messageSystem' is using type of ',TEXT' which is not optimized by simple serialization, falling back to generic serialization, use generic type or ask for optimizations for these types
Performance warning: SimpleSerialization::Read 'messageSystem' is using type of ,'TEXT' which is not optimized by simple serialization, falling back to generic serialization, use generic type or ask for optimizations for these types
"TERRITORY SYSTEM: _realLoopTime was 10.009"
"A3W - 0 vehicles have been saved with extDB"
"TERRITORY SYSTEM: _realLoopTime was 10.013"
"TERRITORY SYSTEM: _realLoopTime was 10.017"
"TERRITORY SYSTEM: _realLoopTime was 10.003"
"A3W - 0 baseparts and objects have been saved with extDB"
"TERRITORY SYSTEM: _realLoopTime was 10.006"
"TERRITORY SYSTEM: _realLoopTime was 10.01"
"SERVER - Apoc's Airdrop Assistance - Player: Valiant, Drop Type: supply, Selection #: 0"
"AAA - Heli Spawned at [12277.2,7383.98,400]"
"Apoc's Airdrop Assistance - Object at [12276.8,7384.48,45.4131]"
"TERRITORY SYSTEM: _realLoopTime was 10.116"
"A3W - 0 vehicles have been saved with extDB"
"TERRITORY SYSTEM: _realLoopTime was 10.004"
"TERRITORY SYSTEM: _realLoopTime was 10.02"
"TERRITORY SYSTEM: _realLoopTime was 10.001"
"A3W - 0 baseparts and objects have been saved with extDB"
"TERRITORY SYSTEM: _realLoopTime was 10.002"
"TERRITORY SYSTEM: _realLoopTime was 10.004"
"TERRITORY SYSTEM: _realLoopTime was 10"
"A3W - 0 vehicles have been saved with extDB"
"TERRITORY SYSTEM: _realLoopTime was 10.01"
"TERRITORY SYSTEM: _realLoopTime was 10.003"
"Apoc's Airdrop Assistance - Object at [10172.8,11828.5,196.543], Detach Up Next"
Error: Bone sphere63 doesn't exist in skeleton Parachute_02
Error: Bone sphere62 doesn't exist in skeleton Parachute_02
Error: Bone sphere63 doesn't exist in skeleton Parachute_02
Error: Bone sphere62 doesn't exist in skeleton Parachute_02
"TERRITORY SYSTEM: _realLoopTime was 10.02"
"A3W - 0 baseparts and objects have been saved with extDB"
"TERRITORY SYSTEM: _realLoopTime was 10.001"
"TERRITORY SYSTEM: _realLoopTime was 10.005"
"AIRDROP SYSTEM - Deleted Heli after Drop"
"TERRITORY SYSTEM: _realLoopTime was 10.02"
"A3W - 0 vehicles have been saved with extDB"
"TERRITORY SYSTEM: _realLoopTime was 10.007"
"TERRITORY SYSTEM: _realLoopTime was 10.015"
"SERVER - Apoc's Airdrop Assistance - Player: Valiant, Drop Type: vehicle, Selection #: 2"
"AAA - Heli Spawned at [7405.34,16212.5,400]"
"Apoc's Airdrop Assistance - Object Spawned at [7405.52,16212.1,395.046]"
"Apoc's Airdrop Assistance - Object at [7405.16,16213,42.9308]"
"[extDB2] Sleep [4]: 379.892"
"TERRITORY SYSTEM: _realLoopTime was 10.006"
"A3W - 0 baseparts and objects have been saved with extDB"
"TERRITORY SYSTEM: _realLoopTime was 10.017"
"TERRITORY SYSTEM: _realLoopTime was 10.012"
"TERRITORY SYSTEM: _realLoopTime was 10.011"
"A3W - 1 vehicles have been saved with extDB"
"TERRITORY SYSTEM: _realLoopTime was 10.008"
"TERRITORY SYSTEM: _realLoopTime was 10.005"
"TERRITORY SYSTEM: _realLoopTime was 10"
"SERVER CLEANUP: Deleted 0 expired objects"
"SERVER CLEANUP: Deleted 0 empty groups"
"A3W - 0 baseparts and objects have been saved with extDB"
"WASTELAND SERVER - Side Mission started: Supply Truck"
"TERRITORY SYSTEM: _realLoopTime was 10.073"
No speaker given for Luo Choy
No speaker given for Idi Egwu
No speaker given for Jahi Tinibu
No speaker given for Dembe Ekwensi
No speaker given for Cheng Ng
No speaker given for Yang Liou
Performance warning: SimpleSerialization::Write 'messageSystem' is using type of ',TEXT' which is not optimized by simple serialization, falling back to generic serialization, use generic type or ask for optimizations for these types
"WASTELAND SERVER - Side Mission waiting to be finished: Supply Truck"
Performance warning: SimpleSerialization::Read 'messageSystem' is using type of ,'TEXT' which is not optimized by simple serialization, falling back to generic serialization, use generic type or ask for optimizations for these types
"TERRITORY SYSTEM: _realLoopTime was 10.015"
"WASTELAND SERVER - Side Mission 2 started: Enemy Outpost"
class HitPoints::HitFuel not found in I_HMG_01_high_F
No speaker given for Liao Yeung
No speaker given for Gillian Murphy
No speaker given for Luo Kung
No speaker given for Guo Tin-Tao
No speaker given for Kofi Inouyie
Performance warning: SimpleSerialization::Write 'messageSystem' is using type of ',TEXT' which is not optimized by simple serialization, falling back to generic serialization, use generic type or ask for optimizations for these types
Performance warning: SimpleSerialization::Read 'messageSystem' is using type of ,'TEXT' which is not optimized by simple serialization, falling back to generic serialization, use generic type or ask for optimizations for these types
"WASTELAND SERVER - Side Mission 2 waiting to be finished: Enemy Outpost"
"Apoc's Airdrop Assistance - Object at [10023.4,12027.4,193.601], Detach Up Next"
"TERRITORY SYSTEM: _realLoopTime was 10.112"
"A3W - 1 vehicles have been saved with extDB"
"TERRITORY SYSTEM: _realLoopTime was 10.007"
"TERRITORY SYSTEM: _realLoopTime was 10.002"
"AIRDROP SYSTEM - Deleted Heli after Drop"
"TERRITORY SYSTEM: _realLoopTime was 10.01"
"A3W - 0 baseparts and objects have been saved with extDB"
"TERRITORY SYSTEM: _realLoopTime was 10.007"
"TERRITORY SYSTEM: _realLoopTime was 10.001"
"TERRITORY SYSTEM: _realLoopTime was 10.02"
"A3W - 1 vehicles have been saved with extDB"
"TERRITORY SYSTEM: _realLoopTime was 10.018"
"TERRITORY SYSTEM: _realLoopTime was 10.012"
"TERRITORY SYSTEM: _realLoopTime was 10.003"
"A3W - 0 baseparts and objects have been saved with extDB"
"TERRITORY SYSTEM: _realLoopTime was 10.017"
"TERRITORY SYSTEM: _realLoopTime was 10.018"
"TERRITORY SYSTEM: _realLoopTime was 10.0099"
"TERRITORY SYSTEM: _realLoopTime was 10.005"
"A3W - 1 vehicles have been saved with extDB"
"TERRITORY SYSTEM: _realLoopTime was 10.013"
"TERRITORY SYSTEM: _realLoopTime was 10.004"
"TERRITORY SYSTEM: _realLoopTime was 10.004"
"A3W - 0 baseparts and objects have been saved with extDB"
"TERRITORY SYSTEM: _realLoopTime was 10.014"
"TERRITORY SYSTEM: _realLoopTime was 10.018"
"TERRITORY SYSTEM: _realLoopTime was 10.011"
"A3W - 1 vehicles have been saved with extDB"
"TERRITORY SYSTEM: _realLoopTime was 10.017"
"TERRITORY SYSTEM: _realLoopTime was 10.004"
"HandleDisconnect - ["Valiant","76561198113994834"] - alive: true - local: true"
Warning: Cleanup player - person 2:3 not found
Admin logged out, player: Valiant, playerUID: 76561198113994834, IP: 169.254.123.195:2304.
Warning: Cleanup player - person 2:3 not found
"TERRITORY SYSTEM: _realLoopTime was 10.02"
"A3W - 0 baseparts and objects have been saved with extDB"
"TERRITORY SYSTEM: _realLoopTime was 10.019"
"TERRITORY SYSTEM: _realLoopTime was 10.001"
EPE manager release (53|306|0)
Number of actors in scene after release: 53
EPE manager release (0|53|0)
Deinitialized shape [Class: "Underwear_F"; Shape: "a3\characters_f\common\basicbody.p3d";]
Deinitialized shape [Class: "B_sniper_F"; Shape: "a3\characters_f\blufor\b_sniper.p3d";]
Deinitialized shape [Class: "I_engineer_F"; Shape: "a3\characters_f_beta\indep\ia_soldier_01.p3d";]
Deinitialized shape [Class: "I_soldier_F"; Shape: "a3\characters_f_beta\indep\ia_soldier_01.p3d";]
Deinitialized shape [Class: "I_G_Soldier_LAT_F"; Shape: "a3\characters_f_bootcamp\guerrilla\ig_guerrilla_6_1.p3d";]
Deinitialized shape [Class: "I_G_Soldier_F"; Shape: "a3\characters_f_gamma\guerrilla\ig_guerrilla1_1.p3d";]
Deinitialized shape [Class: "B_Soldier_SL_F"; Shape: "a3\characters_f\blufor\b_soldier_03.p3d";]
Deinitialized shape [Class: "B_soldier_AR_F"; Shape: "a3\characters_f\blufor\b_soldier_02.p3d";]
Deinitialized shape [Class: "C_man_polo_5_F"; Shape: "a3\characters_f\civil\c_poloshirt.p3d";]
Deinitialized shape [Class: "C_man_polo_1_F_asia"; Shape: "a3\characters_f\civil\c_poloshirt.p3d";]
Deinitialized shape [Class: "C_man_polo_1_F"; Shape: "a3\characters_f\civil\c_poloshirt.p3d";]
Deinitialized shape [Class: "C_man_polo_5_F_afro"; Shape: "a3\characters_f\civil\c_poloshirt.p3d";]
Deinitialized shape [Class: "C_man_polo_2_F_afro"; Shape: "a3\characters_f\civil\c_poloshirt.p3d";]
Deinitialized shape [Class: "C_man_polo_2_F"; Shape: "a3\characters_f\civil\c_poloshirt.p3d";]
Deinitialized shape [Class: "C_man_polo_4_F_afro"; Shape: "a3\characters_f\civil\c_poloshirt.p3d";]
Deinitialized shape [Class: "C_man_polo_4_F"; Shape: "a3\characters_f\civil\c_poloshirt.p3d";]
Deinitialized shape [Class: "C_man_polo_3_F_asia"; Shape: "a3\characters_f\civil\c_poloshirt.p3d";]
Deinitialized shape [Class: "C_man_polo_3_F"; Shape: "a3\characters_f\civil\c_poloshirt.p3d";]
Deinitialized shape [Class: "C_man_polo_6_F_asia"; Shape: "a3\characters_f\civil\c_poloshirt.p3d";]
Deinitialized shape [Class: "C_man_polo_6_F"; Shape: "a3\characters_f\civil\c_poloshirt.p3d";]
Deinitialized shape [Class: "C_man_polo_6_F_euro"; Shape: "a3\characters_f\civil\c_poloshirt.p3d";]
Deinitialized shape [Class: "C_man_polo_4_F_asia"; Shape: "a3\characters_f\civil\c_poloshirt.p3d";]
Deinitialized shape [Class: "C_man_polo_5_F_asia"; Shape: "a3\characters_f\civil\c_poloshirt.p3d";]
Deinitialized shape [Class: "C_man_polo_3_F_afro"; Shape: "a3\characters_f\civil\c_poloshirt.p3d";]
Deinitialized shape [Class: "B_recon_F"; Shape: "a3\characters_f\blufor\b_soldier_01.p3d";]
Deinitialized shape [Class: "B_Soldier_F"; Shape: "a3\characters_f\blufor\b_soldier_01.p3d";]
Deinitialized shape [Class: "O_recon_F"; Shape: "a3\characters_f\opfor\o_soldier_01.p3d";]
Deinitialized shape [Class: "I_G_Soldier_M_F"; Shape: "a3\characters_f_gamma\guerrilla\ig_guerrilla3_1.p3d";]
Deinitialized shape [Class: "I_G_medic_F"; Shape: "a3\characters_f_gamma\guerrilla\ig_guerrilla2_1.p3d";]
Deinitialized shape [Class: "I_G_Soldier_AR_F"; Shape: "a3\characters_f_gamma\guerrilla\ig_guerrilla2_1.p3d";]
Deinitialized shape [Class: "I_G_engineer_F"; Shape: "a3\characters_f_gamma\guerrilla\ig_guerrilla2_1.p3d";]
Deinitialized shape [Class: "I_Soldier_lite_F"; Shape: "a3\characters_f_beta\indep\ia_soldier_02.p3d";]
Deinitialized shape [Class: "C_man_1_1_F"; Shape: "a3\characters_f\civil\c_citizen1.p3d";]
Deinitialized shape [Class: "C_man_1_3_F"; Shape: "a3\characters_f\civil\c_citizen1.p3d";]
Deinitialized shape [Class: "B_Competitor_F"; Shape: "a3\characters_f\civil\c_poloshirtpants.p3d";]
c:\w\stable\futura\lib\network\networkserver.cpp ClearNetServer:NOT IMPLEMENTED - briefing!
Error: weapon [bipod_01_F_snd] still has its shape, ref_count=21
Error: weapon [bipod_01_F_blk] still has its shape, ref_count=8
Error: weapon [bipod_02_F_hex] still has its shape, ref_count=1
Class Default destroyed with lock count 3
Class Library destroyed with lock count 3
Class GunFire destroyed with lock count 3
Class Table destroyed with lock count 3
Class T0 destroyed with lock count 3
Class T1 destroyed with lock count 3
Class T2 destroyed with lock count 3
Class T3 destroyed with lock count 3
Class T4 destroyed with lock count 3
Class T5 destroyed with lock count 3
Class T6 destroyed with lock count 3
Class T7 destroyed with lock count 3
Class T8 destroyed with lock count 3
Class T9 destroyed with lock count 3
Class T10 destroyed with lock count 3
Class T11 destroyed with lock count 3
Class T12 destroyed with lock count 3
Class T13 destroyed with lock count 3
Class T14 destroyed with lock count 3
Class T15 destroyed with lock count 3
Class T16 destroyed with lock count 3
Class T17 destroyed with lock count 3
Class T18 destroyed with lock count 3
Class T19 destroyed with lock count 3
Class T20 destroyed with lock count 3
Class T21 destroyed with lock count 3
Class T22 destroyed with lock count 3
Class GunClouds destroyed with lock count 3
Class Table destroyed with lock count 3
Class T0 destroyed with lock count 3
Class ItemCore destroyed with lock count 3
Class Armory destroyed with lock count 3
Class InventoryItem_Base_F destroyed with lock count 4
Class InventoryUnderItem_Base_F destroyed with lock count 4
Class bipod_01_F_snd destroyed with lock count 3
Class ItemInfo destroyed with lock count 6
Class bipod_01_F_blk destroyed with lock count 1
Class bipod_02_F_blk destroyed with lock count 1
Class ItemInfo destroyed with lock count 2
Class bipod_02_F_hex destroyed with lock count 1
Extensions:
  extDB2 (.\extDB2.dll) [63.0.0.0] [63.0.0.0]

